// Jest Snapshot v1, https://goo.gl/fbAQLP

exports[`works matches snapshot 1`] = `
<div>
  <div
    class="EditableTodo"
  >
    <div>
      <div
        class="mb-3"
      >
        <div
          class="float-end text-sm-end"
        >
          <button
            class="EditableTodo-toggle btn-link btn btn-sm"
          >
            Edit
          </button>
          <button
            class="EditableTodo-delBtn btn-link btn btn-sm text-danger"
          >
            Del
          </button>
        </div>
        <div
          class="Todo"
          id="1"
        >
          <div>
            <b>
              t1
            </b>
             
            <small>
              (priority: 
              2
              )
            </small>
          </div>
          <div>
            <small>
              d1
            </small>
          </div>
        </div>
      </div>
    </div>
  </div>
</div>
`;
